ℹ [3/15] Replayed Calamares.Square
info: Calamares/Square.lean:228:0: 'Calamares.Square.d_no_packing' depends on axioms: [propext, Classical.choice, Quot.sound]
info: Calamares/Square.lean:229:0: 'Calamares.Square.no_packing' depends on axioms: [propext, Classical.choice, Quot.sound]
info: Calamares/Square.lean:230:0: 'Calamares.Square.excluded_of_conditions' depends on axioms: [propext, Classical.choice, Quot.sound]
info: Calamares/Square.lean:231:0: 'Calamares.Square.d_margins' depends on axioms: [propext, Classical.choice, Quot.sound]
info: Calamares/Square.lean:232:0: 'Calamares.Square.d_witness' depends on axioms: [propext, Classical.choice, Quot.sound]
info: Calamares/Square.lean:233:0: 'Calamares.Square.d_greedy_walls' depends on axioms: [propext, Classical.choice, Quot.sound]
info: Calamares/Square.lean:234:0: 'Calamares.Square.d_tail' depends on axioms: [propext, Classical.choice, Quot.sound]
info: Calamares/Square.lean:235:0: 'Calamares.Square.x_bracket' depends on axioms: [propext, Classical.choice, Quot.sound]
info: Calamares/Square.lean:236:0: 'Calamares.Square.x_shift' depends on axioms: [propext, Classical.choice, Quot.sound]
info: Calamares/Square.lean:237:0: 'Calamares.Square.d_prime_witness' depends on axioms: [propext, Classical.choice, Quot.sound]
ℹ [4/15] Replayed Calamares.SquareLimit
info: Calamares/SquareLimit.lean:38:0: 'Calamares.SquareLimit.balanced_gap_identity' depends on axioms: [propext, Classical.choice, Quot.sound]
info: Calamares/SquareLimit.lean:39:0: 'Calamares.SquareLimit.norm_identity' depends on axioms: [propext, Classical.choice, Quot.sound]
info: Calamares/SquareLimit.lean:40:0: 'Calamares.SquareLimit.norm_root' depends on axioms: [propext, Classical.choice, Quot.sound]
ℹ [5/15] Replayed Calamares.FourRing
info: Calamares/FourRing.lean:70:0: 'Calamares.FourRing.large_leader_identity' depends on axioms: [propext, Classical.choice, Quot.sound]
info: Calamares/FourRing.lean:71:0: 'Calamares.FourRing.small_leader_identity' depends on axioms: [propext, Classical.choice, Quot.sound]
info: Calamares/FourRing.lean:72:0: 'Calamares.FourRing.golden_balance' depends on axioms: [propext, Classical.choice, Quot.sound]
ℹ [7/15] Replayed Calamares.SquareTwins
info: Calamares/SquareTwins.lean:85:0: 'Calamares.SquareTwins.balanced_excluded' depends on axioms: [propext, Classical.choice, Quot.sound]
info: Calamares/SquareTwins.lean:86:0: 'Calamares.SquareTwins.root_pivot_excluded' depends on axioms: [propext, Classical.choice, Quot.sound]
info: Calamares/SquareTwins.lean:87:0: 'Calamares.SquareTwins.unbalanced_fits' depends on axioms: [propext, Classical.choice, Quot.sound]
info: Calamares/SquareTwins.lean:88:0: 'Calamares.SquareTwins.improved_excluded' depends on axioms: [propext, Classical.choice, Quot.sound]
info: Calamares/SquareTwins.lean:89:0: 'Calamares.SquareTwins.twin_walls' depends on axioms: [propext, Classical.choice, Quot.sound]
info: Calamares/SquareTwins.lean:90:0: 'Calamares.SquareTwins.twin_tails' depends on axioms: [propext, Classical.choice, Quot.sound]
info: Calamares/SquareTwins.lean:91:0: 'Calamares.SquareTwins.improved_gates' depends on axioms: [propext, Classical.choice, Quot.sound]
ℹ [8/15] Replayed Calamares.VariableWidth
info: Calamares/VariableWidth.lean:84:0: 'Calamares.VariableWidth.mass_nonneg' depends on axioms: [propext, Classical.choice, Quot.sound]
info: Calamares/VariableWidth.lean:85:0: 'Calamares.VariableWidth.sum_squares_le_mass_sq' depends on axioms: [propext, Classical.choice, Quot.sound]
info: Calamares/VariableWidth.lean:86:0: 'Calamares.VariableWidth.area_pressure' depends on axioms: [propext, Classical.choice, Quot.sound]
info: Calamares/VariableWidth.lean:87:0: 'Calamares.VariableWidth.common_prefix' depends on axioms: [propext, Classical.choice, Quot.sound]
info: Calamares/VariableWidth.lean:88:0: 'Calamares.VariableWidth.scaled_tail' depends on axioms: [propext, Classical.choice, Quot.sound]
info: Calamares/VariableWidth.lean:89:0: 'Calamares.VariableWidth.sharp_family_identity' depends on axioms: [propext, Classical.choice, Quot.sound]
info: Calamares/VariableWidth.lean:90:0: 'Calamares.VariableWidth.thin_family_identity' depends on axioms: [propext, Classical.choice, Quot.sound]
ℹ [9/15] Replayed Calamares.FiveRing
info: Calamares/FiveRing.lean:130:0: 'Calamares.FiveRing.pocket_wall' depends on axioms: [propext, Classical.choice, Quot.sound]
info: Calamares/FiveRing.lean:131:0: 'Calamares.FiveRing.pocket_left' depends on axioms: [propext, Classical.choice, Quot.sound]
info: Calamares/FiveRing.lean:132:0: 'Calamares.FiveRing.pocket_right' depends on axioms: [propext, Classical.choice, Quot.sound]
info: Calamares/FiveRing.lean:133:0: 'Calamares.FiveRing.double_pocket_separation' depends on axioms: [propext, Classical.choice, Quot.sound]
info: Calamares/FiveRing.lean:134:0: 'Calamares.FiveRing.pocket_positive' depends on axioms: [propext, Classical.choice, Quot.sound]
info: Calamares/FiveRing.lean:135:0: 'Calamares.FiveRing.two_leader_identity' depends on axioms: [propext, Classical.choice, Quot.sound]
info: Calamares/FiveRing.lean:136:0: 'Calamares.FiveRing.two_leader_positive' depends on axioms: [propext, Classical.choice, Quot.sound]
info: Calamares/FiveRing.lean:137:0: 'Calamares.FiveRing.golden_base' depends on axioms: [propext, Classical.choice, Quot.sound]
info: Calamares/FiveRing.lean:138:0: 'Calamares.FiveRing.two_leader_pressure' depends on axioms: [propext, Classical.choice, Quot.sound]
info: Calamares/FiveRing.lean:139:0: 'Calamares.FiveRing.golden_base_above_one' depends on axioms: [propext, Classical.choice, Quot.sound]
info: Calamares/FiveRing.lean:140:0: 'Calamares.FiveRing.one_leader_pressure' depends on axioms: [propext, Classical.choice, Quot.sound]
ℹ [10/15] Replayed Calamares.UniformExchange
info: Calamares/UniformExchange.lean:47:0: 'Calamares.UniformExchange.two_step_pressure' depends on axioms: [propext, Classical.choice, Quot.sound]
info: Calamares/UniformExchange.lean:48:0: 'Calamares.UniformExchange.golden_second_tail' depends on axioms: [propext, Classical.choice, Quot.sound]
info: Calamares/UniformExchange.lean:49:0: 'Calamares.UniformExchange.additive_control' depends on axioms: [propext, Classical.choice, Quot.sound]
ℹ [11/15] Replayed Calamares.PocketSplit
info: Calamares/PocketSplit.lean:59:0: 'Calamares.PocketSplit.split_loads_spec' depends on axioms: [propext, Classical.choice, Quot.sound]
info: Calamares/PocketSplit.lean:60:0: 'Calamares.PocketSplit.split_loads_fit' depends on axioms: [propext, Classical.choice, Quot.sound]
info: Calamares/PocketSplit.lean:61:0: 'Calamares.PocketSplit.tail_le_double_pocket' depends on axioms: [propext, Classical.choice, Quot.sound]
ℹ [12/15] Replayed Calamares.Reservoir
info: Calamares/Reservoir.lean:113:0: 'Calamares.Reservoir.golden_lt_five_thirds' depends on axioms: [propext, Classical.choice, Quot.sound]
info: Calamares/Reservoir.lean:114:0: 'Calamares.Reservoir.squares_le_cap_mass' depends on axioms: [propext, Classical.choice, Quot.sound]
info: Calamares/Reservoir.lean:115:0: 'Calamares.Reservoir.two_slot_margin' depends on axioms: [propext, Classical.choice, Quot.sound]
info: Calamares/Reservoir.lean:116:0: 'Calamares.Reservoir.clearance_area_margin' depends on axioms: [propext, Classical.choice, Quot.sound]
info: Calamares/Reservoir.lean:117:0: 'Calamares.Reservoir.upper_half_slots' depends on axioms: [propext, Classical.choice, Quot.sound]
info: Calamares/Reservoir.lean:118:0: 'Calamares.Reservoir.six_radii_exceed_cutoff' depends on axioms: [propext, Classical.choice, Quot.sound]
info: Calamares/Reservoir.lean:119:0: 'Calamares.Reservoir.no_six_unary_nodes' depends on axioms: [propext, Classical.choice, Quot.sound]
ℹ [13/15] Built Calamares.ThreeCore (15s)
info: Calamares/ThreeCore.lean:89:0: 'Calamares.ThreeCore.arbelos_margin_identity' depends on axioms: [propext, Classical.choice, Quot.sound]
info: Calamares/ThreeCore.lean:90:0: 'Calamares.ThreeCore.arbelos_margin_nonneg' depends on axioms: [propext, Classical.choice, Quot.sound]
info: Calamares/ThreeCore.lean:91:0: 'Calamares.ThreeCore.gap_sum_identity' depends on axioms: [propext, Classical.choice, Quot.sound]
info: Calamares/ThreeCore.lean:92:0: 'Calamares.ThreeCore.gap_sum_margin' depends on axioms: [propext, Classical.choice, Quot.sound]
info: Calamares/ThreeCore.lean:93:0: 'Calamares.ThreeCore.opposite_height_positive' depends on axioms: [propext, Classical.choice, Quot.sound]
info: Calamares/ThreeCore.lean:94:0: 'Calamares.ThreeCore.envelope_bounds' depends on axioms: [propext, Classical.choice, Quot.sound]
info: Calamares/ThreeCore.lean:95:0: 'Calamares.ThreeCore.curvature_gap_to_radius' depends on axioms: [propext, Classical.choice, Quot.sound]
✔ [14/15] Built Calamares (577ms)
Build completed successfully (15 jobs).
